// Jest Snapshot v1, https://goo.gl/fbAQLP

exports[`<FormPatients /> Should render correctly with default input values 1`] = `
<div>
  <section
    class="flex flex-col items-center"
    style="opacity: 0; transform: translate3d(0,50px,0) scale(0);"
  >
    <h2>
      Patients
    </h2>
    <h3>
      Add patients &
       
      <span
        class="highlight"
      >
        Manage them
      </span>
    </h3>
    <section
      class="py-8 px-4 shadow-md w-9/12 mx-auto bg-white mt-10 "
    >
      <form
        action="#"
      >
        <div
          class="flex flex-col mb-4"
        >
          <label
            class="uppercase font-bold"
            for="petName"
          >
            Pet Name
          </label>
          <input
            class="rounded p-2 border-2 focus:border-blue-100 mt-1"
            id="petName"
            name="pet_name"
            placeholder="Enter pet's name"
            value=""
          />
        </div>
        <div
          class="flex flex-col mb-4"
        >
          <label
            class="uppercase font-bold"
            for="ownerName"
          >
            Owner's Name
          </label>
          <input
            class="rounded p-2 border-2 focus:border-blue-100 mt-1"
            id="ownerName"
            name="owner_name"
            placeholder="Enter owner's name"
            value=""
          />
        </div>
        <div
          class="flex flex-col mb-4"
        >
          <label
            class="uppercase font-bold"
            for="ownerEmail"
          >
            Owner's Email
          </label>
          <input
            class="rounded p-2 border-2 focus:border-blue-100 mt-1"
            id="ownerEmail"
            name="owner_email"
            placeholder="Enter owner's email"
            type="email"
            value=""
          />
        </div>
        <div
          class="flex flex-col mb-4"
        >
          <label
            class="uppercase font-bold"
            for="dischargeDate"
          >
            Discharge Date
          </label>
          <input
            class="rounded p-2 border-2 focus:border-blue-100 mt-1"
            data-testid="dischargeDate"
            id="dischargeDate"
            name="discharge_date"
            type="date"
            value=""
          />
        </div>
        <div
          class="flex flex-col mb-4"
        >
          <label
            class="uppercase font-bold"
            for="symptoms"
          >
            Symptoms
          </label>
          <textarea
            class="rounded p-2 border-2 focus:border-blue-100 mt-1 min-h-[100px] max-h-[200px]"
            id="symptoms"
            name="symptoms"
            placeholder="Describe pet's symptoms"
            type="textarea"
          />
        </div>
        <button
          class="font-bold uppercase py-2 px-10 mt-2 bg-blue-700 hover:bg-blue-600 text-white transition active:scale-95 w-full"
          type="submit"
        >
          Add Patient
        </button>
      </form>
    </section>
  </section>
</div>
`;
